a -> a:
    byte[] weaponOffsetX -> a
    byte[] weaponOffsetY -> b
    byte[][] frameBoxes -> c
    byte[][] weaponStrips -> d
    short[] startAmmo -> f
    short[] ammoPerPickup -> g
    byte[][] fireDelays -> h
    g game -> aq
    boolean atRoomEdge -> ar
    short[] savedAmmo -> U
    byte[] savedWeaponLevels -> V
    int moveStepX -> W
    int moveStepY -> X
    int moveEndY -> Y
    byte[][] animLengths -> K
    byte[][] animDelays -> L
    byte weapon -> M
    short[] ammo -> N
    short[] weaponXp -> O
    byte ownedWeapons -> P
    byte[] weaponLevels -> Q
    int allAmmoPrice -> R
    byte savedWeapon -> S
    short[] savedWeaponXp -> T
    byte blinkTimer -> F
    byte grappleTile -> G
    boolean onPlatform -> H
    short platformRideSpeed -> I
    byte[][][] animFrames -> J
    int hookTipY -> A
    int hookStepX -> B
    int hookStepY -> C
    byte comboTimer -> D
    byte attackKind -> E
    byte[] wrenchBoxW -> r
    byte[] wrenchBoxH -> s
    byte jumpState -> t
    byte platformIgnoreTimer -> u
    byte grappleState -> v
    byte grappleTimer -> w
    int anchorX -> x
    int anchorY -> y
    int hookTipX -> z
    byte[] wrenchDamage -> j
    byte tileWidth -> k
    byte tileHeight -> l
    short hudHeight -> m
    short maxFallSpeed -> n
    short runSpeed -> o
    byte[] wrenchBoxX -> p
    byte[] wrenchBoxY -> q
    int[] weaponPrices -> i
    short[] maxAmmo -> e
    void initAnimations() -> a
    short pixelX() -> b
    short pixelY() -> c
    byte rightEdgeColumn() -> d
    short floorHeight(boolean) -> a
    boolean onClimbTile() -> f
    boolean noFloorLeft() -> g
    boolean noFloorRight() -> h
    void draw(javax.microedition.lcdui.Graphics,int,int,int) -> a
    void refillAmmo(int) -> b
    void loadAnimationFile(java.lang.String) -> a
    void readBytes(java.io.InputStream,byte[],int) -> a
    int abs(int) -> a
    void endOneShotAnimation() -> r
    void tickCombo() -> s
    void magnetPickups() -> t
    void updateGrapple() -> j
    void startJump() -> k
    void updatePlayer() -> l
    void checkTileInteractions() -> m
    void animate() -> n
    void fireGrapple() -> o
    void fireWeapon() -> p
    void wrenchAttack() -> q
    void updateSlide() -> i
    byte leftEdgeColumn() -> e
b -> b:
    java.lang.String[] effectNames -> a
    boolean running -> b
    boolean effectPlaying -> c
    javax.microedition.media.Player musicPlayer -> d
    javax.microedition.media.Player[] readyPlayers -> f
    javax.microedition.media.Player currentEffect -> g
    int requestedEffect -> h
    long effectStartTime -> i
    byte[][] wavData -> e
    void requestEffect(int) -> a
    byte[] readResource(java.lang.String) -> a
    void stopEffect() -> a
    void startMenuMusic(boolean) -> a
    void stopMenuMusic() -> b
c -> c:
    byte startRoom -> a
    byte levelTileset -> b
    g game -> c
    byte[][][] rawTiles -> d
    byte[][] roomTiles -> f
    byte roomCount -> g
    byte[][] roomLinks -> h
    byte tileWidth -> j
    byte tileHeight -> k
    byte hudHeight -> l
    byte animTick -> m
    byte[] spawnTypesA -> n
    byte[] spawnTypesB -> o
    byte[] objectVariants -> p
    byte[][] levelLayouts -> q
    byte[] roomLayer -> i
    int[] solidMasks -> e
    short rawTile(int,int) -> a
    void selectLayout(int) -> a
    void loadLevel(int) -> b
    void enterRoom(int,boolean) -> a
    void rebuildSolidMasks() -> a
    void draw(javax.microedition.lcdui.Graphics) -> a
    boolean isSolid(int,int) -> b
d -> d:
    byte[] bodyBoxX -> a
    byte[] bodyBoxY -> b
    byte[] bodyBoxW -> c
    byte[] bodyBoxH -> d
    byte[] meleeBoxY -> f
    byte[] meleeBoxW -> g
    byte[] meleeBoxH -> h
    short turnTimer -> F
    int homeX -> G
    boolean hitBySpin -> H
    byte[][][] spriteBoxes -> I
    g game -> J
    boolean wallAhead -> A
    short tileUnder -> B
    short attackCooldown -> C
    byte spawnIndex -> D
    byte shooterState -> E
    byte[][] animDelays -> r
    byte tileWidth -> s
    byte tileHeight -> t
    short hudHeight -> u
    boolean altAim -> v
    byte variant -> w
    byte knockback -> x
    boolean blockedByCrate -> y
    boolean edgeAhead -> z
    byte[] playerDamage -> j
    byte[] dropsPerVariant -> k
    byte[] burstShots -> l
    byte[] knockbackFrames -> m
    short[] walkSpeeds -> n
    byte[] attackCooldowns -> o
    byte[][][] animFrames -> p
    byte[][] animLengths -> q
    byte[] healthPerVariant -> i
    byte[] meleeBoxX -> e
    void initTables() -> a
    short feetY() -> b
    short pixelX() -> c
    byte aheadRightColumn() -> d
    int floorHeight(boolean) -> a
    boolean overlapsCrate() -> f
    void physicsStep() -> g
    void updateAi() -> h
    void draw(javax.microedition.lcdui.Graphics,int,int,int,int) -> a
    void readScaled(java.io.InputStream,byte[],int,boolean) -> a
    void loadHitBoxes(java.lang.String) -> a
    void loadAnimations(java.lang.String) -> b
    void readBytes(java.io.InputStream,byte[],int) -> a
    int abs(int) -> a
    void startWalking() -> j
    void meleeAttack() -> k
    void fireBurstShot() -> l
    void animate() -> i
    byte aheadLeftColumn() -> e
e -> e:
    java.lang.String text -> a
    int id -> b
    int rows -> c
f -> f:
    int[] secretSequence -> a
    int loadingProgress -> b
    boolean languageMenuVisible -> c
    byte[][][] frameLayouts -> d
    byte tileWidth -> f
    byte tileHeight -> g
    short screenWidth -> h
    ratchetandclank app -> Z
    byte menuSelection -> U
    byte confirmSlot -> V
    byte demoTimer -> W
    byte demoTimer2 -> X
    int[] recentKeys -> Y
    int frameSleepMs -> K
    int[] codeMultipliers -> L
    int[][] skinCodes -> M
    int softKeyPositive -> N
    int softKeyBack -> O
    java.lang.Thread menuThread -> P
    javax.microedition.lcdui.Image[] splashImages -> Q
    javax.microedition.lcdui.Display menuDisplay -> R
    byte splashStage -> S
    long splashStartTime -> T
    int musicRestartFrames -> F
    long menuResumeTime -> G
    long menuFrameStart -> H
    long menuFrameEnd -> I
    int menuFrameMs -> J
    long formShownTime -> A
    short[] mainMenuItems -> B
    boolean shuttingDown -> C
    boolean menuPaused -> D
    boolean skipNextShowNotify -> E
    int skinCodeRow2 -> r
    int lineCount -> s
    int firstVisibleLine -> t
    int visibleLines -> u
    java.lang.String highlightedText -> v
    boolean skinMenuEnabled -> w
    javax.microedition.lcdui.Form nameForm -> x
    javax.microedition.lcdui.TextField nameField -> y
    java.lang.String playerName -> z
    byte menuScreen -> j
    byte repaintFlags -> k
    int[] menuItemY -> l
    boolean confirmIsNewGame -> m
    java.util.Vector aboutLines -> n
    java.util.Vector helpLines -> o
    java.util.Vector skinLines -> p
    int skinCodeRow1 -> q
    short screenHeight -> i
    byte demoTicks -> e
    void startMenuThread() -> a
    void returnFromGame() -> b
    void stopMenu(boolean) -> a
    void pauseMenu() -> c
    void resumeMenu() -> d
    void computeSkinCode(java.lang.String,int) -> a
    int nibbleToArrow(int) -> a
    void appendAll(java.util.Vector,java.util.Vector) -> a
    void appendItems(java.util.Vector,java.util.Vector,int) -> a
    void appendItem(java.util.Vector,java.lang.String,int) -> a
    void showScreen(byte) -> a
    void nameFormCommand(javax.microedition.lcdui.Command) -> a
    void showError(java.lang.String,java.lang.String,int) -> a
    void drawBackground(javax.microedition.lcdui.Graphics,byte) -> a
    void mainMenuKeys(int,int) -> c
    void loadGameKeys(int,int) -> d
    void languageKeys(int,int) -> f
    void aboutKeys(int,int) -> g
    void skinCodeKeys(int,int) -> a
    void skinInfoKeys(int,int) -> b
    void helpKeys(int,int) -> h
    void splashSequence() -> f
    void drawSoftKeys(javax.microedition.lcdui.Graphics,int,int,javax.microedition.lcdui.Canvas) -> a
    int drawEntry(javax.microedition.lcdui.Graphics,java.lang.String,int,int,int,boolean) -> a
    int drawEntryAnchored(javax.microedition.lcdui.Graphics,java.lang.String,int,int,int,boolean) -> b
    int drawSlotEntry(javax.microedition.lcdui.Graphics,byte,int,int,int,boolean) -> a
    int drawTitle(javax.microedition.lcdui.Graphics,java.lang.String) -> a
    void drawSelectionBox(javax.microedition.lcdui.Graphics,int,int) -> a
    void drawPageIndicator(javax.microedition.lcdui.Graphics,int,int) -> b
    java.lang.String formatPlayTime(int) -> b
    byte cursorUp(byte,byte,byte) -> a
    byte cursorDown(byte,byte,byte) -> b
    void drawSplash(javax.microedition.lcdui.Graphics) -> a
    void advanceLoading(int) -> c
    void drawMainMenu(javax.microedition.lcdui.Graphics) -> c
    void drawLoadGame(javax.microedition.lcdui.Graphics) -> d
    void drawAbout(javax.microedition.lcdui.Graphics,int) -> b
    void drawTextList(javax.microedition.lcdui.Graphics,java.util.Vector,int,boolean,int,int,int) -> a
    int drawSkinCode(javax.microedition.lcdui.Graphics,int,int) -> c
    void drawSkinInfo(javax.microedition.lcdui.Graphics) -> f
    void drawSettings(javax.microedition.lcdui.Graphics) -> g
    void drawLanguageSelect(javax.microedition.lcdui.Graphics) -> h
    void drawHelpPage(javax.microedition.lcdui.Graphics,int) -> a
    void drawNewGameSlots(javax.microedition.lcdui.Graphics) -> b
    void moveDemoShot(h) -> a
    void pushKey(int) -> d
    boolean secretSequenceEntered() -> g
    void confirmKeys(int,int) -> j
    void drawClearSaveList(javax.microedition.lcdui.Graphics) -> j
    void clearSaveKeys(int,int) -> k
    void drawConfirm(javax.microedition.lcdui.Graphics) -> k
    void newGameSlotKeys(int,int) -> l
    void exitKeys(int,int) -> i
    void drawExitQuestion(javax.microedition.lcdui.Graphics) -> i
    void tickMenu() -> e
    void settingsKeys(int,int) -> e
    void drawSkinCodes(javax.microedition.lcdui.Graphics) -> e
g -> g:
    short screenWidth -> a
    short screenHeight -> b
    javax.microedition.lcdui.Font smallFont -> c
    javax.microedition.lcdui.Font boldFont -> d
    int lineHeight -> f
    ratchetandclank app -> g
    byte gameState -> h
    byte[][] mapGeometryB -> do
    a player -> as
    javax.microedition.lcdui.Image imgArrows -> av
    javax.microedition.lcdui.Image imgHud -> aw
    javax.microedition.lcdui.Image imgArrowRight -> ax
    javax.microedition.lcdui.Image imgDigits -> ay
    javax.microedition.lcdui.Image imgPanelBottom -> az
    javax.microedition.lcdui.Image imgMapPanelTop -> aA
    javax.microedition.lcdui.Image imgPanelTop -> aB
    javax.microedition.lcdui.Image imgMapIcons -> aC
    javax.microedition.lcdui.Image imgMenuHeader -> aD
    javax.microedition.lcdui.Image imgPortraits -> aE
    javax.microedition.lcdui.Image imgSpike -> aF
    javax.microedition.lcdui.Image imgMaximillian -> aG
    javax.microedition.lcdui.Image imgPayola -> aH
    javax.microedition.lcdui.Image imgBounceBot -> aI
    javax.microedition.lcdui.Image imgFlameBot -> aJ
    javax.microedition.lcdui.Image imgWinPicture -> aK
    javax.microedition.lcdui.Image imgWeaponWheel -> aL
    javax.microedition.lcdui.Image imgDoors -> aM
    javax.microedition.lcdui.Image imgPlatform -> aN
    javax.microedition.lcdui.Image imgIcons -> aO
    javax.microedition.lcdui.Image[] imgTiles -> aP
    javax.microedition.lcdui.Image[] imgPlayerFrames -> aQ
    javax.microedition.lcdui.Image[][] imgEnemyFrames -> aR
    javax.microedition.lcdui.Image imgWeapons -> aS
    javax.microedition.lcdui.Image imgCrates -> aT
    javax.microedition.lcdui.Image imgStartPoint -> aU
    javax.microedition.lcdui.Image imgBolts -> aV
    javax.microedition.lcdui.Image imgExplosion -> aW
    javax.microedition.lcdui.Image imgCannonBase -> aX
    javax.microedition.lcdui.Image imgCannonShot -> aY
    javax.microedition.lcdui.Image imgCannonBarrel -> aZ
    h[] playerShots -> at
    h[] enemyShots -> au
    javax.microedition.lcdui.Display display -> ex
    java.lang.Thread gameThread -> ey
    byte menuCursor -> cE
    int heldAction -> cF
    int bufferedAction -> cG
    int fireState -> cH
    long fireTime -> cI
    int deaths -> dw
    int kills -> dy
    int boltsCollected -> dA
    int titaniumCollected -> dB
    long stageTimeMs -> dG
    long[] parTimesMs -> dH
    byte parIndex -> dI
    int stageScore -> dJ
    int totalScore -> dK
    boolean perfectBonus -> dP
    boolean pacifistBonus -> dQ
    boolean boarBonus -> dR
    int boarKills -> dE
    int shotsFired -> dN
    int shotsHit -> dO
    boolean wasHit -> dS
    int killScore -> dz
    int boltScore -> dC
    int titaniumScore -> dD
    int timeBonus -> dF
    int enemiesSkipped -> dx
    int[] roomEnemyCounts -> dT
    int[] roomKillCounts -> dU
    boolean[] roomCleared -> dV
    int mapUnlockBits -> cV
    int mapHighlightBits -> ds
    int dialogueBitsA -> cT
    int dialogueBitsB -> cU
    byte doorBits -> bF
    int gateBitsA -> bG
    int gateBitsB -> bH
    int boltBitsA -> cd
    int boltBitsB -> ce
    int bolts -> bg
    int[] ammoPrices -> bi
    int[] enemyAliveBits -> bE
    int[] crateIntactBits -> bD
    boolean[] roomRespawn -> bC
    byte savedDoorBits -> bI
    int savedGateBitsA -> bJ
    int savedGateBitsB -> bK
    int savedBoltBitsA -> cf
    int savedBoltBitsB -> cg
    int savedDialogueBitsA -> cW
    int savedDialogueBitsB -> cX
    int savedMapUnlockBits -> cY
    int savedMapHighlightBits -> dv
    int savedBolts -> bh
    short savedRoom -> cZ
    byte savedWeapons -> dk
    boolean dialoguePortraits -> cM
    boolean textBoxOpen -> cN
    java.lang.String textBoxText -> cO
    int textPos -> cP
    int nextTextPos -> cQ
    int textId -> cR
    byte dialogueLinesLeft -> cS
    byte[] dialogueLineCounts -> cJ
    short[] dialogueFirstString -> cK
    byte[] speakerPortrait -> cL
    int playTimeMs -> cB
    long frameStartMs -> cC
    long lastFrameStartMs -> cD
    long frameEndMs -> et
    int frameMs -> eu
    int sleepMs -> ev
    boolean paused -> eq
    long resumeTime -> er
    boolean skipShowNotify -> es
    boolean exitToMenu -> ew
    byte[] mapNodeLevel -> da
    short[] mapNodeRoom -> db
    short[][] mapGeometryA -> dn
    boolean arenaActive -> df
    boolean ruleGas -> dg
    boolean ruleOneHit -> dh
    boolean ruleOneWeapon -> dj
    int[] arenaRewards -> cv
    byte gasTimer -> di
    byte enemiesLeft -> dl
    short[] spikeX -> bs
    short[] spikeY -> bt
    short[] crateX -> bu
    short[] crateY -> bv
    byte[] crateType -> bw
    short[] crateFall -> bx
    short[] crateLandY -> by
    short[] crateAbove -> bz
    short[] crateBelow -> bA
    boolean[] crateFalling -> bB
    int[] pickupX -> cq
    int[] pickupY -> cr
    short[] pickupVx -> cs
    short[] pickupVy -> ct
    byte[] pickupType -> cu
    short[] platformX -> cw
    short[] platformY -> cx
    short[] platformDx -> cy
    short[] platformDy -> cz
    byte[] platformDir -> cA
    short[] railX1 -> bl
    short[] railY1 -> bm
    short[] railX2 -> bn
    short[] railY2 -> bo
    short[] railDx -> bp
    int[] railDy -> bq
    int[] railBase -> br
    byte[] doorKind -> bL
    byte[] doorColumn -> bM
    byte[] doorRow -> bN
    byte[] lockColumn -> bO
    byte[] lockRow -> bP
    byte boltColumn -> bZ
    byte boltRow -> ca
    byte armModuleColumn -> ch
    byte armModuleRow -> ci
    boolean armModuleAvailable -> cj
    byte payolaColumn -> ck
    byte payolaRow -> cl
    byte bounceBotColumn -> cm
    byte bounceBotRow -> cn
    byte bounceBotFrame -> co
    byte bounceBotTimer -> cp
    byte[] cannonState -> bR
    byte[] cannonFlash -> bS
    int[] bossHealth -> bT
    byte turretDir -> bU
    byte bossFireTimer -> bV
    byte bossPattern -> bW
    byte[][] cannonFrames -> bQ
    byte[] cannonColumns -> bX
    byte[] cannonRows -> bY
    byte tilesetIndex -> ba
    java.lang.String[] tilesetFiles -> bb
    byte drawActorType -> bc
    byte drawActorAnim -> bd
    int drawActorFrame -> be
    byte drawTransform -> bf
    byte enemySlotCount -> bj
    byte playerActorId -> bk
    byte boltsForRyno -> cb
    byte boltBitCount -> cc
    byte selectedItem -> ez
    byte entryEdge -> eA
    byte bossCutsceneTimer -> eB
    boolean fallingDeath -> dc
    boolean deadlyPit -> dd
    byte storeSavedWeapon -> de
    int[] menuItemY -> dm
    byte[] pathNode -> dp
    byte[] pathDotCount -> dq
    byte[][] pathDots -> dr
    byte menuAnimTick -> dt
    byte arenaListVariant -> du
    byte summaryVariant -> dL
    int summaryMessageId -> dM
    java.lang.String mapCaption -> dW
    int mapCaptionNode -> dX
    int mapCaptionWidth -> dY
    int mapCaptionX -> dZ
    boolean marqueeScrollingLeft -> ea
    byte[][] winPictureFrames -> eb
    int wheelIconSize -> ec
    int wheelBoxWidth -> ed
    int wheelCentreY -> ee
    short[][] wheelSlotPositions -> ef
    java.lang.String wheelCaption -> eg
    int wheelCaptionWeapon -> eh
    int wheelCaptionWidth -> ei
    int wheelCaptionX -> ej
    byte[] octagonOuterX -> ek
    byte[] octagonOuterY -> el
    byte[] octagonInnerX -> em
    byte[] octagonInnerY -> en
    int pendingLevel -> eo
    int pendingSlot -> ep
    byte[] mapLeft -> Z
    byte[] mapRight -> aa
    byte[] wheelNext -> ab
    byte[] wheelPrev -> ac
    byte[] titaniumPerLevel -> ad
    c levelMap -> ae
    java.util.Random random -> af
    short currentRoom -> ag
    short targetRoom -> ah
    byte levelIndex -> ai
    boolean challengeMode -> aj
    byte challengeMultiplier -> ak
    byte saveSlot -> al
    byte checkpointColumn -> am
    byte checkpointRow -> an
    short checkpointCamX -> ao
    short checkpointCamY -> ap
    short checkpointRoom -> aq
    d[] enemies -> ar
    byte cellWidth -> U
    byte cellHeight -> V
    byte playerDrawOffsetY -> W
    byte[] mapUp -> X
    byte[] mapDown -> Y
    boolean cameraLocked -> K
    boolean grappleAvailable -> L
    boolean onTeleporter -> M
    byte teleporterTarget -> N
    boolean teleporterFlag -> O
    int cameraLockX -> P
    byte tileWidth -> Q
    byte tileHeight -> R
    byte hudHeight -> S
    int dialogueBoxY -> T
    int endingExplosionCount -> F
    short minCamX -> G
    short minCamY -> H
    int camX -> I
    int camY -> J
    byte winFrame -> A
    byte winTimer -> B
    boolean debugKeysEnabled -> C
    byte cutsceneStep -> D
    boolean cutsceneJumping -> E
    int marqueeX -> r
    java.util.Vector arenaItems -> s
    java.util.Vector arenaDescription -> t
    java.util.Vector storeItems -> u
    java.util.Vector buyItems -> v
    java.util.Vector summaryLines -> w
    boolean loading -> x
    byte debugOverlay -> y
    byte objectiveIndex -> z
    boolean repaintRequested -> j
    boolean hudDirty -> k
    boolean invulnerable -> l
    boolean bossFightStarted -> m
    byte bossCutsceneStep -> n
    byte bossCutsceneJumps -> o
    byte maxFrame -> p
    byte tutorialStep -> q
    byte stateBeforePause -> i
    javax.microedition.lcdui.Font titleFont -> e
    void addSpike(int,int) -> a
    void drawSpikes(javax.microedition.lcdui.Graphics) -> a
    void spikeCollision() -> a
    void drawArmModule(javax.microedition.lcdui.Graphics) -> b
    void collectArmModule() -> b
    void drawBounceBot(javax.microedition.lcdui.Graphics) -> c
    void animateBounceBot() -> c
    void resetStageStats() -> d
    void recordRoomEnemies(int,int) -> b
    void clearRoomCounters() -> f
    void computeScore(byte) -> a
    void drawItemList(javax.microedition.lcdui.Graphics,java.util.Vector,int,boolean,int,int,int,int) -> a
    void drawPauseMenu(javax.microedition.lcdui.Graphics) -> d
    void drawGameSettings(javax.microedition.lcdui.Graphics) -> f
    void drawSlotChooser(javax.microedition.lcdui.Graphics) -> g
    void drawBuy(javax.microedition.lcdui.Graphics) -> h
    void buildSummary() -> g
    void drawSummary(javax.microedition.lcdui.Graphics,byte) -> a
    void drawArenaList(javax.microedition.lcdui.Graphics,byte) -> b
    void layoutWeaponWheel() -> h
    void drawOctagon(javax.microedition.lcdui.Graphics,int,int) -> a
    void bossCutsceneTick(byte) -> b
    void arenaCutsceneStep(byte) -> c
    void tutorialCutsceneStep(byte) -> d
    int abs(int) -> a
    void sleep(int) -> b
    void startGame(int,int) -> c
    void startNewGame(int) -> c
    void startLevel(int,short) -> a
    void markDialogueSeen(int) -> d
    void applyGateFlag(int,int) -> d
    boolean titaniumPending(int,int) -> f
    int titaniumCollectedInLevel(int) -> f
    void awardTitaniumBolt(int,int) -> g
    void leaveLevel(int,boolean) -> a
    javax.microedition.lcdui.Image readPackedImage(java.io.InputStream) -> a
    void changeRoom(int) -> g
    void fireGrappleAt(int,int,int) -> a
    int floorBelow(int,int,int) -> b
    boolean enemyOverlapsPlayer(int) -> h
    void pauseKeys(int,int) -> h
    void drawMaximillian(javax.microedition.lcdui.Graphics,byte) -> c
    boolean inRange(int,int,int) -> f
    boolean boxesOverlap(int,int,int,int,int,int,int,int) -> a
    void setRailPoint(int,int,boolean,int) -> a
    void placeCrate(int,int,int,int,int) -> a
    void spawnPickup(int,int,int) -> c
    void addPlatform(int,int,int) -> d
    void spawnEnemyShot(int,int,int,boolean,boolean,int,byte) -> a
    void spawnEnemy(int,int,byte,int) -> a
    void addBoltLock(byte,byte) -> a
    void addDoor(byte,byte,int) -> a
    int drawWrappedLine(javax.microedition.lcdui.Graphics,int,java.lang.String,int,int,int,int) -> a
    int drawTextBoxPage(javax.microedition.lcdui.Graphics,int) -> a
    void storeGame(byte[]) -> a
    void restoreGame(byte[]) -> b
    int drawEntry(javax.microedition.lcdui.Graphics,java.lang.String,int,int,int,boolean) -> a
    int drawEntryAnchored(javax.microedition.lcdui.Graphics,java.lang.String,int,int,int,boolean) -> b
    int drawSlotEntry(javax.microedition.lcdui.Graphics,byte,int,int,int,boolean) -> a
    int drawTitle(javax.microedition.lcdui.Graphics,java.lang.String) -> a
    void drawPageIndicator(javax.microedition.lcdui.Graphics,int,int) -> b
    byte cursorUp(byte,byte,byte) -> a
    byte cursorDown(byte,byte,byte) -> b
    java.lang.String format(java.lang.String,java.lang.Object[]) -> a
    int drawMarquee(javax.microedition.lcdui.Graphics,java.lang.String,int,int,int) -> a
    int drawWrapped(javax.microedition.lcdui.Graphics,java.lang.String,int,int,int) -> b
    int drawWrappedTo(javax.microedition.lcdui.Graphics,java.lang.String,int,int,int,int) -> a
    java.lang.String readTextResource(java.lang.String) -> a
    void dropCrates() -> K
    void linkCrateStacks() -> L
    void enemyShotsHitPlayer() -> M
    void closeTextBox() -> N
    void frameHousekeeping() -> O
    void spawnCutsceneExplosion() -> P
    void enterRoomAtEdge() -> Q
    void selectMapHighlight() -> R
    void buildArenaList() -> S
    int computeAmmoPrices() -> T
    void collectPayola() -> F
    void drawTextBox(javax.microedition.lcdui.Graphics) -> F
    void bossFire() -> G
    void updateBoss() -> H
    void loadBoss() -> I
    void startChallengeMode() -> J
    boolean enemyInWrenchReach() -> A
    void handlePlayKey(int,int) -> A
    void drawPickups(javax.microedition.lcdui.Graphics) -> A
    int enemyTouchingPlayer() -> B
    void handleKeyRelease(int,int) -> B
    void drawPayola(javax.microedition.lcdui.Graphics) -> B
    void dropPickups() -> C
    void spawnEnemyNear(int,int) -> C
    void drawActors(javax.microedition.lcdui.Graphics) -> C
    void collectTitaniumBolt() -> D
    int minOf(int,int) -> D
    void drawBoss(javax.microedition.lcdui.Graphics) -> D
    void updateFallingCrates() -> E
    int maxOf(int,int) -> E
    void drawDoors(javax.microedition.lcdui.Graphics) -> E
    void ensureTileset() -> r
    void failOrRewardKeys(int,int) -> r
    void drawNotEnoughBolts(javax.microedition.lcdui.Graphics) -> r
    void loadTileset() -> s
    void arenaDescriptionKeys(int,int) -> s
    void drawSaveOverQuestion(javax.microedition.lcdui.Graphics) -> s
    void useMenuBackground() -> t
    void arenaListKeys(int,int) -> t
    void drawSaveReplay(javax.microedition.lcdui.Graphics) -> t
    void reloadTileset() -> u
    void challengeQuestionKeys(int,int) -> u
    void drawQuitToMenuQuestion(javax.microedition.lcdui.Graphics) -> u
    void updateArenaRules() -> v
    void weaponWheelKeys(int,int) -> v
    void drawQuitGameQuestion(javax.microedition.lcdui.Graphics) -> v
    short platformTopUnderPlayer() -> w
    void saveOverKeys(int,int) -> w
    void drawHud(javax.microedition.lcdui.Graphics) -> w
    short crateTopUnderPlayer() -> x
    void saveReplayKeys(int,int) -> x
    void drawRails(javax.microedition.lcdui.Graphics) -> x
    boolean playerHitsCrate() -> y
    void quitToMenuKeys(int,int) -> y
    void drawPlatforms(javax.microedition.lcdui.Graphics) -> y
    boolean crateInWrenchReach() -> z
    void quitGameKeys(int,int) -> z
    void drawCrates(javax.microedition.lcdui.Graphics) -> z
    void stopToPauseMenu() -> j
    void shotHitsCrates(int) -> j
    void newGameSlotKeys(int,int) -> j
    void drawLevelSelect(javax.microedition.lcdui.Graphics) -> j
    void pauseHidden() -> k
    void removeCrate(int) -> k
    void storeKeys(int,int) -> k
    void drawGameSaved(javax.microedition.lcdui.Graphics) -> k
    void resumeFromHide() -> l
    void shotsHitBossPart(int) -> l
    void buyKeys(int,int) -> l
    void drawGameWon(javax.microedition.lcdui.Graphics) -> l
    void updateCamera() -> m
    void setDrawTransform(int) -> m
    void mapKeys(int,int) -> m
    void drawYouFail(javax.microedition.lcdui.Graphics) -> m
    void parseMapData() -> n
    void shotsHitEnemy(int) -> n
    void summaryKeys(int,int) -> n
    void drawArenaReward(javax.microedition.lcdui.Graphics) -> n
    void resetProgress() -> o
    void openTextBox(int) -> o
    void savedScreenKeys(int,int) -> o
    void drawArenaDescription(javax.microedition.lcdui.Graphics) -> o
    int titaniumCollectedCount() -> p
    java.lang.String formatTime(int) -> p
    void notEnoughBoltsKeys(int,int) -> p
    void drawChallengeQuestion(javax.microedition.lcdui.Graphics) -> p
    void respawnAtCheckpoint() -> q
    void startArena(int) -> q
    void gameWonKeys(int,int) -> q
    void drawWeaponWheel(javax.microedition.lcdui.Graphics) -> q
    void movePlatforms() -> i
    void enemyShotHitsCrates(int) -> i
    void settingsKeys(int,int) -> i
    void drawStore(javax.microedition.lcdui.Graphics) -> i
    int liveEnemyCount() -> e
    boolean dialoguePending(int) -> e
    void openGate(int,int) -> e
    void spawnPlayerShot(int,int,int) -> e
    void drawPanel(javax.microedition.lcdui.Graphics) -> e
h -> h:
    byte[] damage -> a
    byte[] halfWidths -> b
    byte[] halfHeights -> c
    byte[] speeds -> d
    short[][] spriteRegions -> f
    byte shotType -> g
    int posX -> h
    boolean hasHit -> A
    short homingTarget -> B
    g game -> C
    int hitHalfHeight -> r
    byte sourceVariant -> s
    int beamOffset -> t
    byte tileWidth -> u
    byte tileHeight -> v
    short screenWidth -> w
    short screenHeight -> x
    short hudHeight -> y
    byte[][] explosionFrames -> z
    int pathX1 -> j
    int pathY1 -> k
    int pathX2 -> l
    int pathY2 -> m
    int speedX -> n
    int speedY -> o
    byte tick -> p
    int hitHalfWidth -> q
    int posY -> i
    short[] spriteIds -> e
    void release() -> a
    boolean isLive() -> b
    void impact(boolean) -> a
    byte creditedWeapon() -> c
    void update(boolean) -> b
    void steerHoming(int) -> a
    void draw(javax.microedition.lcdui.Graphics) -> a
i -> i:
    byte actorKind -> Z
    byte tileRow -> aa
    int posX -> ab
    short speedY -> ac
    short speedX -> ad
    byte aheadColumn -> ae
    byte aheadRow -> af
    int rowOffset -> ag
    int drawLayer -> ah
    byte health -> ai
    short animFrame -> aj
    short animTimer -> ak
    byte animId -> al
    byte animMode -> am
    byte stateTimer -> an
    boolean facingRight -> ao
    byte orientation -> ap
    void setAnimation(byte) -> a
    byte tileColumn() -> u
    void normaliseRow() -> v
ratchetandclank -> ratchetandclank:
    javax.microedition.lcdui.Display display -> a
    f menu -> b
    g game -> c
    boolean gameActive -> d
    boolean soundEnabled -> f
    b sound -> g
    byte[] slotSummaries -> h
    java.lang.String[] strings -> j
    int[] recordIds -> k
    byte[] slotBuffer -> l
    boolean settingsLoaded -> m
    int language -> n
    java.lang.String[] languageSuffixes -> o
    byte[] settings -> p
    int[] slotPlayTimes -> i
    boolean started -> e
    void initSound() -> a
    void newGame(int) -> a
    void continueGame(int) -> b
    void returnToMenu() -> b
    void playEffect(int) -> c
    void startMenuMusic(boolean) -> a
    void stopMusic() -> c
    void stopEffect() -> d
    void writeInt(int,byte[],int) -> a
    int readInt(byte[],int) -> a
    void writeShort(short,byte[],int) -> a
    short readShort(byte[],int) -> b
    void validateRecordStore() -> f
    void resetRecordStore() -> g
    void saveToSlot(int) -> d
    void clearSlot(int) -> f
    void readSlot(int) -> g
    byte storedSoundSetting() -> h
    void storeSoundSetting(byte) -> a
    java.util.Vector wrapText(java.lang.String,int) -> a
    java.lang.String[] loadStrings(java.lang.String) -> a
    byte languageSetting() -> j
    void markGameWon() -> k
    void reloadStrings() -> l
    boolean isGameWon() -> i
    void readSlotSummaries() -> e
    void loadSlot(int) -> e
